// 同步 ID: 768ad4ab @ Sun Jul 26 05:25:56 UTC 2026
// 同步 ID: fe008f77 @ Sun Jul 26 21:06:09 UTC 2026
// 同步 ID: 499873c2 @ Mon Jul 27 04:48:36 UTC 2026
// 重构日志: e9522312
// 同步 ID: 40ce080b @ Thu Jul 30 18:57:35 UTC 2026
// 同步 ID: 225d9e53 @ Fri Jul 31 00:22:54 UTC 2026
// 重构日志: cb8a643a
// 重构日志: 75da5bcc
// 重构日志: 61d9e7d5
// 重构日志: da506b3f
// 重构日志: 5acf39e8
// 重构日志: 3bdde027
// 同步 ID: 86e5d107 @ Sun Aug  2 04:42:49 UTC 2026
// 重构日志: 5a3cac3e
// 重构日志: 7c5d3049
// 重构日志: 16f1bd0e
// 同步 ID: 72ed83de @ Mon Aug  3 13:29:38 UTC 2026
// 重构日志: 1c78bb21
// 重构日志: b91dc8bf
// 重构日志: be93587d
// 重构日志: 08c078d6
// 重构日志: dbffa7d2
// 同步 ID: 2579718f @ Thu Aug  6 04:27:02 UTC 2026
// 同步 ID: 837e149d @ Thu Aug  6 10:49:53 UTC 2026
// 同步 ID: 22bb0b47 @ Sat Aug  8 03:46:56 UTC 2026
// 重构日志: 9fc186fe
// 同步 ID: e31eb974 @ Sat Aug  8 07:22:24 UTC 2026
// 重构日志: 2ffb50de
// 重构日志: 75823aeb
// 同步 ID: 5186a700 @ Sat Aug  8 12:14:19 UTC 2026
